============================================================
  Generated by:           Genus(TM) Synthesis Solution 23.14-s090_1
  Generated on:           Sep 10 2026  01:10:20 pm
  Module:                 aer_tx16_coord_transform_v1
  Operating conditions:   PVT_0P9V_125C (balanced_tree)
  Wireload mode:          enclosed
  Area mode:              timing library
============================================================

                                  
    Gate     Instances    Area        Library    
-------------------------------------------------
AND2X1              55     75.240    slow_vdd1v0 
AND2X2               1      1.710    slow_vdd1v0 
AND2XL              58     79.344    slow_vdd1v0 
AND3X1               9     21.546    slow_vdd1v0 
AND3X2               2      5.472    slow_vdd1v0 
AND3XL               8     16.416    slow_vdd1v0 
AO21X1               5     11.970    slow_vdd1v0 
AO21XL               6     14.364    slow_vdd1v0 
AO22XL               3      8.208    slow_vdd1v0 
AOI211XL            29     59.508    slow_vdd1v0 
AOI21X1            145    247.950    slow_vdd1v0 
AOI21XL             20     34.200    slow_vdd1v0 
AOI221X1           131    313.614    slow_vdd1v0 
AOI222X1           126    387.828    slow_vdd1v0 
AOI22X1            252    517.104    slow_vdd1v0 
AOI22XL           1692   3471.984    slow_vdd1v0 
AOI2BB1X1            7     14.364    slow_vdd1v0 
AOI2BB1XL            7     14.364    slow_vdd1v0 
AOI2BB2X1            1      3.420    slow_vdd1v0 
AOI31X1             28     57.456    slow_vdd1v0 
AOI32X1             31     74.214    slow_vdd1v0 
AOI33X1              2      5.472    slow_vdd1v0 
AOI33XL              7     16.758    slow_vdd1v0 
BUFX2                7     11.970    slow_vdd1v0 
BUFX6                1      3.078    slow_vdd1v0 
CLKINVX4             2      3.420    slow_vdd1v0 
DFFHQX1            295   1614.240    slow_vdd1v0 
DFFQX4               1      7.182    slow_vdd1v0 
DFFQXL            3675  20109.600    slow_vdd1v0 
DFFX1                1      7.182    slow_vdd1v0 
INVX1              643    439.812    slow_vdd1v0 
INVX2                3      3.078    slow_vdd1v0 
INVXL               65     44.460    slow_vdd1v0 
MX2XL               32     76.608    slow_vdd1v0 
MXI2XL              19     45.486    slow_vdd1v0 
NAND2BX1           142    194.256    slow_vdd1v0 
NAND2BXL            13     17.784    slow_vdd1v0 
NAND2X1            593    608.418    slow_vdd1v0 
NAND2X2             11     18.810    slow_vdd1v0 
NAND2XL             71     72.846    slow_vdd1v0 
NAND3BX1            17     34.884    slow_vdd1v0 
NAND3BXL            19     32.490    slow_vdd1v0 
NAND3X1             21     35.910    slow_vdd1v0 
NAND3XL              1      1.710    slow_vdd1v0 
NAND4BX1             1      2.394    slow_vdd1v0 
NAND4BXL             1      2.394    slow_vdd1v0 
NAND4X1              2      4.104    slow_vdd1v0 
NAND4XL            432    738.720    slow_vdd1v0 
NOR2BX1            195    266.760    slow_vdd1v0 
NOR2X1            1011   1037.286    slow_vdd1v0 
NOR2XL             265    271.890    slow_vdd1v0 
NOR3BX1              7     14.364    slow_vdd1v0 
NOR3X1              16     27.360    slow_vdd1v0 
NOR4BX1              1      2.394    slow_vdd1v0 
NOR4X1              23     39.330    slow_vdd1v0 
OA21X1              17     34.884    slow_vdd1v0 
OA22X1              13     31.122    slow_vdd1v0 
OAI211X1           253    432.630    slow_vdd1v0 
OAI21X1             78    133.380    slow_vdd1v0 
OAI21XL             16     27.360    slow_vdd1v0 
OAI221X1            82    196.308    slow_vdd1v0 
OAI222X1            74    202.464    slow_vdd1v0 
OAI22X1             85    174.420    slow_vdd1v0 
OAI22XL              1      2.052    slow_vdd1v0 
OAI2BB1X1           96    164.160    slow_vdd1v0 
OAI2BB1X2            1      3.078    slow_vdd1v0 
OAI31X1             17     34.884    slow_vdd1v0 
OAI32X1             18     43.092    slow_vdd1v0 
OR2X1               39     53.352    slow_vdd1v0 
OR2X2                3      5.130    slow_vdd1v0 
OR2XL               37     50.616    slow_vdd1v0 
OR3X1                1      2.052    slow_vdd1v0 
OR3XL                1      2.052    slow_vdd1v0 
OR4X1               93    190.836    slow_vdd1v0 
SDFFQX1              5     37.620    slow_vdd1v0 
TLATNTSCAX2        288   1871.424    slow_vdd1v0 
XNOR2X1             64    153.216    slow_vdd1v0 
XOR2XL               8     21.888    slow_vdd1v0 
-------------------------------------------------
total            11501  35110.746                


                                                        
            Type             Instances    Area   Area % 
--------------------------------------------------------
sequential                        3977 21775.824   62.0 
inverter                           713   490.770    1.4 
buffer                               8    15.048    0.0 
clock_gating_integrated_cell       288  1871.424    5.3 
unresolved                           6     0.000    0.0 
logic                             6515 10957.680   31.2 
physical_cells                       0     0.000    0.0 
--------------------------------------------------------
total                            11507 35110.746  100.0 

