============================================================
  Generated by:           Genus(TM) Synthesis Solution 23.14-s090_1
  Generated on:           Sep 10 2026  01:10:19 pm
  Module:                 aer_tx16_coord_transform_v1
  Operating conditions:   PVT_0P9V_125C (balanced_tree)
  Wireload mode:          enclosed
  Area mode:              timing library
============================================================


Path 1: MET (1819 ps) Late External Delay Assertion at pin world_pol
          Group: clk
     Startpoint: (R) u_wmem_FIFO[3].u_fifo_count_reg[1]/CK
          Clock: (R) clk
       Endpoint: (R) world_pol
          Clock: (R) clk

                     Capture       Launch     
        Clock Edge:+    5000            0     
       Src Latency:+       0            0     
       Net Latency:+       0 (I)        0 (I) 
           Arrival:=    5000            0     
                                              
      Output Delay:-     250                  
       Uncertainty:-     100                  
     Required Time:=    4650                  
      Launch Clock:-       0                  
         Data Path:-    2831                  
             Slack:=    1819                  

Exceptions/Constraints:
  output_delay             250             constraints_5ns.sdc_line_6_76_1   

#---------------------------------------------------------------------------------------------------------------
#             Timing Point              Flags    Arc   Edge   Cell     Fanout Load Trans Delay Arrival Instance 
#                                                                             (fF)  (ps)  (ps)   (ps)  Location 
#---------------------------------------------------------------------------------------------------------------
  u_wmem_FIFO[3].u_fifo_count_reg[1]/CK -       -      R     (arrival)    655    -     0     0       0    (-,-) 
  u_wmem_FIFO[3].u_fifo_count_reg[1]/Q  -       CK->Q  F     DFFHQX1        4  1.4    47   210     210    (-,-) 
  g122541/Y                             -       A->Y   F     OR2X1          3  0.8    37   127     337    (-,-) 
  g122180/Y                             -       B->Y   F     OR2X1          3  1.1    44   116     453    (-,-) 
  g121972/Y                             -       B->Y   R     NOR2X1         3  1.0    72    69     522    (-,-) 
  g121684/Y                             -       B->Y   F     NAND2BX1       3  0.9    89    96     618    (-,-) 
  g121446/Y                             -       B->Y   R     NOR2X1         3  1.2    86    98     716    (-,-) 
  g121321/Y                             -       A->Y   F     INVX1          3  0.8    44    72     788    (-,-) 
  g121001/Y                             -       A1->Y  R     AOI22X1        1  0.4    75    88     876    (-,-) 
  g120801/Y                             -       C0->Y  F     OAI221X1       3  1.0   203   197    1074    (-,-) 
  g120266/Y                             -       A1->Y  R     AOI22X1        4  1.2   115   193    1267    (-,-) 
  g120035/Y                             -       A->Y   F     NAND3X1        4  1.0   156   186    1452    (-,-) 
  g120004/Y                             -       A->Y   R     INVX1          2  0.6    46   104    1556    (-,-) 
  g120001/Y                             -       C->Y   F     NAND3BXL       4  1.2   259   188    1744    (-,-) 
  g119878/Y                             -       A1->Y  R     OAI22X1        4  0.8   122   205    1949    (-,-) 
  g119774/Y                             -       A->Y   R     MX2XL          1  0.2    22   191    2140    (-,-) 
  g119713/Y                             -       A1N->Y R     OAI2BB1X1     10  3.8   110   160    2300    (-,-) 
  g119701/Y                             -       A->Y   F     INVX1         19  6.8   196   167    2468    (-,-) 
  g119620/Y                             -       A1->Y  R     OAI211X1       1  0.2    82   158    2626    (-,-) 
  g119608/Y                             -       B->Y   R     OR2X1          1 10.0   218   205    2831    (-,-) 
  world_pol                             <<<     -      R     (port)         -    -     -     0    2831    (-,-) 
#---------------------------------------------------------------------------------------------------------------

