
Power Net Detected:
        Voltage	    Name
             0V	    VSS
           0.9V	    VDD
Using Power View: view_slow.
AAE_INFO: opIsDesignInPostRouteState() is 1
AAE_INFO: resetNetProps viewIdx 0 
Starting SI iteration 1 using Infinite Timing Windows
#################################################################################
# Design Stage: PostRoute
# Design Name: aer_tx16_coord_transform_v1
# Design Mode: 45nm
# Analysis Mode: MMMC OCV 
# Parasitics Mode: SPEF/RCDB 
# Signoff Settings: SI On 
#################################################################################
AAE_INFO: 1 threads acquired from CTE.
Start delay calculation (fullDC) (1 T). (MEM=2755.56)
*** Calculating scaling factor for libset_slow libraries using the default operating condition of each library.
Initializing multi-corner resistance tables ...
Total number of fetched objects 13988
AAE_INFO: Total number of nets for which stage creation was skipped for all views 0
AAE_INFO-618: Total number of nets in the design is 13998,  100.0 percent of the nets selected for SI analysis
End delay calculation. (MEM=2774.7 CPU=0:00:05.1 REAL=0:00:06.0)
End delay calculation (fullDC). (MEM=2774.7 CPU=0:00:05.6 REAL=0:00:06.0)
Save waveform /home/aiasic26911/redred-faer/innovus_temp_63704_78fd6114-8ef2-4fd9-a713-01950ffa7e1d_snu.polaris.09_aiasic26911_ey4usV/.AAE_A778CY/.AAE_63704_78fd6114-8ef2-4fd9-a713-01950ffa7e1d/waveform.data...
Loading CTE timing window with TwFlowType 0...(CPU = 0:00:00.0, REAL = 0:00:00.0, MEM = 2775.2M)
Add other clocks and setupCteToAAEClockMapping during iter 1
Loading CTE timing window is completed (CPU = 0:00:00.1, REAL = 0:00:00.0, MEM = 2775.4M)
Starting SI iteration 2
Start delay calculation (fullDC) (1 T). (MEM=2666.09)
Glitch Analysis: View view_slow -- Total Number of Nets Skipped = 126. 
Glitch Analysis: View view_slow -- Total Number of Nets Analyzed = 13988. 
Total number of fetched objects 13988
AAE_INFO: Total number of nets for which stage creation was skipped for all views 0
AAE_INFO-618: Total number of nets in the design is 13998,  4.4 percent of the nets selected for SI analysis
End delay calculation. (MEM=2670.03 CPU=0:00:00.6 REAL=0:00:01.0)
End delay calculation (fullDC). (MEM=2670.03 CPU=0:00:00.7 REAL=0:00:01.0)
Load RC corner of view view_slow

Begin Power Analysis

             0V	    VSS
           0.9V	    VDD

Begin Processing Timing Library for Power Calculation

Ended Processing Timing Library for Power Calculation: (cpu=0:00:00, real=0:00:00, mem(process/total/peak)=2663.24MB/5343.77MB/2900.72MB)



Begin Processing Power Net/Grid for Power Calculation

Ended Processing Power Net/Grid for Power Calculation: (cpu=0:00:00, real=0:00:00, mem(process/total/peak)=2663.26MB/5343.77MB/2900.72MB)

Begin Processing Timing Window Data for Power Calculation

clk(200MHz) CK: assigning clock clk to net clk
Ended Processing Timing Window Data for Power Calculation: (cpu=0:00:00, real=0:00:00, mem(process/total/peak)=2664.14MB/5343.77MB/2900.72MB)

Begin Processing User Attributes

Ended Processing User Attributes: (cpu=0:00:00, real=0:00:00, mem(process/total/peak)=2664.24MB/5343.77MB/2900.72MB)

Begin Processing Signal Activity


Starting Levelizing
2026-Oct-06 12:19:20 (2026-Oct-06 03:19:20 GMT)
2026-Oct-06 12:19:20 (2026-Oct-06 03:19:20 GMT): 10%
2026-Oct-06 12:19:20 (2026-Oct-06 03:19:20 GMT): 20%
2026-Oct-06 12:19:20 (2026-Oct-06 03:19:20 GMT): 30%
2026-Oct-06 12:19:20 (2026-Oct-06 03:19:20 GMT): 40%
2026-Oct-06 12:19:20 (2026-Oct-06 03:19:20 GMT): 50%
2026-Oct-06 12:19:20 (2026-Oct-06 03:19:20 GMT): 60%
2026-Oct-06 12:19:20 (2026-Oct-06 03:19:20 GMT): 70%
2026-Oct-06 12:19:20 (2026-Oct-06 03:19:20 GMT): 80%
2026-Oct-06 12:19:20 (2026-Oct-06 03:19:20 GMT): 90%

Finished Levelizing
2026-Oct-06 12:19:20 (2026-Oct-06 03:19:20 GMT)

Starting Activity Propagation
2026-Oct-06 12:19:20 (2026-Oct-06 03:19:20 GMT)
** INFO:  (VOLTUS_POWR-1356): No default input activity has been set. Defaulting to 0.2.
Use 'set_default_switching_activity -input_activity' command to change the default activity value.

2026-Oct-06 12:19:20 (2026-Oct-06 03:19:20 GMT): 10%
2026-Oct-06 12:19:20 (2026-Oct-06 03:19:20 GMT): 20%

Finished Activity Propagation
2026-Oct-06 12:19:21 (2026-Oct-06 03:19:21 GMT)
Ended Processing Signal Activity: (cpu=0:00:00, real=0:00:00, mem(process/total/peak)=2664.76MB/5343.77MB/2900.72MB)

Begin Power Computation

      ----------------------------------------------------------
      # of cell(s) missing both power/leakage table: 0
      # of cell(s) missing power table: 0
      # of cell(s) missing leakage table: 0
      ----------------------------------------------------------



Starting Calculating power
2026-Oct-06 12:19:21 (2026-Oct-06 03:19:21 GMT)
 ... Calculating switching power
2026-Oct-06 12:19:21 (2026-Oct-06 03:19:21 GMT): 10%
2026-Oct-06 12:19:21 (2026-Oct-06 03:19:21 GMT): 20%
2026-Oct-06 12:19:21 (2026-Oct-06 03:19:21 GMT): 30%
2026-Oct-06 12:19:21 (2026-Oct-06 03:19:21 GMT): 40%
 ... Calculating internal and leakage power
2026-Oct-06 12:19:21 (2026-Oct-06 03:19:21 GMT): 50%
2026-Oct-06 12:19:21 (2026-Oct-06 03:19:21 GMT): 60%
2026-Oct-06 12:19:21 (2026-Oct-06 03:19:21 GMT): 70%
2026-Oct-06 12:19:21 (2026-Oct-06 03:19:21 GMT): 80%
2026-Oct-06 12:19:22 (2026-Oct-06 03:19:22 GMT): 90%

Finished Calculating power
2026-Oct-06 12:19:22 (2026-Oct-06 03:19:22 GMT)
      # of MSMV cell(s) missing power_level: 0
Ended Power Computation: (cpu=0:00:01, real=0:00:01, mem(process/total/peak)=2665.67MB/5343.77MB/2900.72MB)

Begin Processing User Attributes

Begin Processing set_power
Ended Processing set_power: (cpu=0:00:00, real=0:00:00,
mem(process/total/peak)=2665.67MB/5343.77MB/2900.72MB)
Ended Processing User Attributes: (cpu=0:00:00, real=0:00:00, mem(process/total/peak)=2665.73MB/5343.77MB/2900.72MB)

Ended Power Analysis: (cpu=0:00:02, real=0:00:02, mem(process/total/peak)=2665.74MB/5343.77MB/2900.72MB)

Begin Boundary Leakage Calculation
Ended Boundary Leakage Calculation: (cpu=0:00:00, real=0:00:00,
mem(process/total/peak)=2665.82MB/5343.77MB/2900.72MB)
Begin Static Power Report Generation
*----------------------------------------------------------------------------------------
*	Innovus 23.14-s088_1 (64bit) 02/28/2025 12:25 (Linux 3.10.0-693.el7.x86_64)
*	
*
* 	Date & Time:	2026-Oct-06 12:19:22 (2026-Oct-06 03:19:22 GMT)
*
*----------------------------------------------------------------------------------------
*
*	Design: aer_tx16_coord_transform_v1
*
*	Liberty Libraries used:
*	        view_slow: /home/aiasic26911/gsclib045_all_v4.7/gsclib045/timing/slow_vdd1v0_basicCells.lib
*
*	Parasitic Files used:
*
*       Power View : view_slow
*
*       User-Defined Activity : N.A.
*
*       Activity File: N.A.
*
*       Hierarchical Global Activity: N.A.
*
*       Global Activity: N.A.
*
*       Sequential Element Activity: 0.200000
*
*       Primary Input Activity: 0.200000
*
*       Default icg ratio: N.A.
*
*       Global Comb ClockGate Ratio: N.A.
*
*	Power Units = 1mW
*
*	Time Units = 1e-09 secs
*
*       report_power
*
-----------------------------------------------------------------------------------------
*



Total Power
-----------------------------------------------------------------------------------------
Total Internal Power:        0.97457796 	   61.8878%
Total Switching Power:       0.59938165 	   38.0620%
Total Leakage Power:         0.00079135 	    0.0503%
Total Power:                 1.57475096
-----------------------------------------------------------------------------------------


Group                           Internal   Switching     Leakage       Total  Percentage 
                                Power      Power         Power         Power  (%)        
-----------------------------------------------------------------------------------------
Sequential                        0.4553     0.07619   0.0003534      0.5318       33.77
Macro                                  0           0           0           0           0
IO                                     0           0           0           0           0
Combinational                     0.2518        0.38   0.0003741      0.6321       40.14
Clock (Combinational)            0.05387       0.106   8.215e-06      0.1599       10.15
Clock (Sequential)                0.2137     0.03721   5.562e-05      0.2509       15.93
-----------------------------------------------------------------------------------------
Total                             0.9746      0.5994   0.0007914       1.575         100
-----------------------------------------------------------------------------------------


Rail                  Voltage   Internal   Switching     Leakage       Total  Percentage 
                                Power      Power         Power         Power  (%)        
-----------------------------------------------------------------------------------------
VDD                       0.9     0.9746      0.5994   0.0007914       1.575         100


Clock                           Internal   Switching     Leakage       Total  Percentage 
                                Power      Power         Power         Power  (%)        
-----------------------------------------------------------------------------------------
clk                               0.2675      0.1432   6.384e-05      0.4108       26.09
-----------------------------------------------------------------------------------------
Total                             0.2675      0.1432   6.384e-05      0.4108       26.09
-----------------------------------------------------------------------------------------
Clock: clk
Clock Period: 0.005000 usec 
Clock Toggle Rate:   400.0000 Mhz 
Clock Static Probability:  0.5000
  
 
 
-----------------------------------------------------------------------------------------
*	Power Distribution Summary: 
*              Highest Average Power:         CTS_csf_buf_00090 (CLKBUFX4):         0.002926
*              Highest Leakage Power:                   g123658 (CLKINVX20):        4.995e-07
*                Total Cap:      3.5288e-11 F
*                Total instances in design: 13624
*                Total instances in design with no power:     0
*                Total instances in design with no activty:     0

*                Total Fillers and Decap:     0
-----------------------------------------------------------------------------------------
 
** INFO:  (VOLTUS_POWR-3465): There are 0 decaps and 0 fillers in the design

Ended Static Power Report Generation: (cpu=0:00:00, real=0:00:00,
mem(process/total/peak)=2669.46MB/5343.77MB/2900.72MB)

