###############################################################
#  Generated by:      Cadence Innovus 23.14-s088_1
#  OS:                Linux x86_64(Host ID snu.polaris.09)
#  Generated on:      Tue Oct  6 12:19:22 2026
#  Design:            aer_tx16_coord_transform_v1
#  Command:           report_timing -late  > $OUT_DIR/${DESIGN}_setup_timing.rpt
###############################################################
Path 1: MET Late External Delay Assertion 
Endpoint:   world_addr[8]                        (^) checked with  leading edge 
of 'clk'
Beginpoint: u_wmem_FIFO[1].u_fifo_count_reg[0]/Q (v) triggered by  leading edge 
of 'clk'
Path Groups: {clk}
Analysis View: view_slow
Other End Arrival Time          0.000
- External Delay                0.250
+ Phase Shift                   5.000
+ CPPR Adjustment               0.000
- Uncertainty                   0.100
= Required Time                 4.650
- Arrival Time                  4.498
= Slack Time                    0.152
     Clock Rise Edge                 0.000
     + Clock Network Latency (Prop)  0.006
     = Beginpoint Arrival Time       0.006
     +---------------------------------------------------------------------------------------------------+ 
     |                Instance                 |       Arc       |   Cell   | Delay | Arrival | Required | 
     |                                         |                 |          |       |  Time   |   Time   | 
     |-----------------------------------------+-----------------+----------+-------+---------+----------| 
     | u_wmem_FIFO[1].u_fifo_count_reg[0]      | CK ^            |          |       |   0.006 |    0.158 | 
     | u_wmem_FIFO[1].u_fifo_count_reg[0]      | CK ^ -> Q v     | DFFHQX1  | 0.237 |   0.243 |    0.395 | 
     | FE_PHC4059_u_wmem_FIFO_1_u_fifo_count_0 | A v -> Y v      | DLY2X1   | 0.375 |   0.618 |    0.770 | 
     | g123442                                 | A v -> Y v      | OR2X1    | 0.173 |   0.791 |    0.943 | 
     | g123144                                 | D v -> Y ^      | NOR4X1   | 0.135 |   0.926 |    1.078 | 
     | FE_OFC2959_n_741                        | A ^ -> Y v      | INVX1    | 0.184 |   1.110 |    1.262 | 
     | FE_OFC2960_n_741                        | A v -> Y ^      | INVX1    | 0.112 |   1.221 |    1.373 | 
     | g122939                                 | B1 ^ -> Y v     | OAI22X1  | 0.090 |   1.312 |    1.464 | 
     | g122765                                 | C0 v -> Y ^     | AOI221X1 | 0.250 |   1.562 |    1.714 | 
     | g122599                                 | B1 ^ -> Y v     | OAI22X1  | 0.208 |   1.770 |    1.922 | 
     | g122535                                 | B v -> Y ^      | NOR2X1   | 0.180 |   1.950 |    2.102 | 
     | g122495                                 | C ^ -> Y v      | NAND3X2  | 0.196 |   2.146 |    2.298 | 
     | g122372                                 | D v -> Y ^      | NOR4X1   | 0.181 |   2.327 |    2.479 | 
     | FE_OFC1650_n_1322                       | A ^ -> Y ^      | CLKBUFX2 | 0.163 |   2.490 |    2.642 | 
     | g121772                                 | A1 ^ -> Y v     | AOI22X1  | 0.160 |   2.650 |    2.802 | 
     | g121242                                 | A1 v -> Y ^     | OAI22X1  | 0.149 |   2.799 |    2.951 | 
     | g120780                                 | A1 ^ -> Y ^     | AO21X2   | 0.307 |   3.106 |    3.258 | 
     | FE_OFC3620_n_4095                       | A ^ -> Y v      | INVX2    | 0.261 |   3.368 |    3.520 | 
     | FE_OFC3621_n_4095                       | A v -> Y ^      | INVX3    | 0.183 |   3.551 |    3.703 | 
     | g119686                                 | B1 ^ -> Y v     | AOI222X1 | 0.184 |   3.734 |    3.886 | 
     | FE_OFC1994_n_3469                       | A v -> Y v      | CLKBUFX2 | 0.208 |   3.942 |    4.094 | 
     | g119634                                 | A v -> Y ^      | INVXL    | 0.157 |   4.099 |    4.251 | 
     | g119458                                 | A ^ -> Y ^      | OR2X1    | 0.149 |   4.248 |    4.400 | 
     | FE_OFC2055_world_addr_8                 | A ^ -> Y v      | INVX2    | 0.107 |   4.355 |    4.507 | 
     | FE_OFC2056_world_addr_8                 | A v -> Y ^      | INVX2    | 0.143 |   4.498 |    4.650 | 
     |                                         | world_addr[8] ^ |          | 0.000 |   4.498 |    4.650 | 
     +---------------------------------------------------------------------------------------------------+ 

