###############################################################
#  Generated by:      Cadence Innovus 23.14-s088_1
#  OS:                Linux x86_64(Host ID snu.polaris.09)
#  Generated on:      Tue Oct  6 12:19:22 2026
#  Design:            aer_tx16_coord_transform_v1
#  Command:           report_timing -early > $OUT_DIR/${DESIGN}_hold_timing.rpt
###############################################################
Path 1: MET Hold Check with Pin u_tx_pending_cnt_reg[11][1]/CK 
Endpoint:   u_tx_pending_cnt_reg[11][1]/D (v) checked with  leading edge of 
'clk'
Beginpoint: u_tx_pending_cnt_reg[11][0]/Q (v) triggered by  leading edge of 
'clk'
Path Groups: {clk}
Analysis View: view_fast
Other End Arrival Time          0.143
+ Hold                          0.002
+ Phase Shift                   0.000
- CPPR Adjustment               0.141
+ Uncertainty                   0.100
= Required Time                 0.105
  Arrival Time                  0.123
  Slack Time                    0.019
     Clock Rise Edge                 0.000
     + Clock Network Latency (Prop)  -0.000
     = Beginpoint Arrival Time       -0.000
     +-----------------------------------------------------------------------------------+ 
     |          Instance           |     Arc     |   Cell   | Delay | Arrival | Required | 
     |                             |             |          |       |  Time   |   Time   | 
     |-----------------------------+-------------+----------+-------+---------+----------| 
     | u_tx_pending_cnt_reg[11][0] | CK ^        |          |       |  -0.000 |   -0.019 | 
     | u_tx_pending_cnt_reg[11][0] | CK ^ -> Q v | DFFHQX1  | 0.061 |   0.061 |    0.042 | 
     | g82708                      | B v -> Y ^  | NAND3X1  | 0.014 |   0.075 |    0.057 | 
     | g82506                      | C0 ^ -> Y v | OAI221X1 | 0.027 |   0.102 |    0.083 | 
     | g82396                      | AN v -> Y v | NOR2BX1  | 0.021 |   0.123 |    0.105 | 
     | u_tx_pending_cnt_reg[11][1] | D v         | DFFHQX1  | 0.000 |   0.123 |    0.105 | 
     +-----------------------------------------------------------------------------------+ 

