============================================================
  Generated by:           Genus(TM) Synthesis Solution 23.14-s090_1
  Generated on:           Oct 06 2026  11:43:35 am
  Module:                 aer_tx16_coord_transform_v1
  Operating conditions:   PVT_0P9V_125C (balanced_tree)
  Wireload mode:          enclosed
  Area mode:              timing library
============================================================


Path 1: MET (1623 ps) Setup Check with Pin u_wmem_FIFO[2].u_fifo_count_reg[5]/CK->D
          Group: clk
     Startpoint: (R) u_wmem_FIFO[2].u_fifo_count_reg[2]/CK
          Clock: (R) clk
       Endpoint: (R) u_wmem_FIFO[2].u_fifo_count_reg[5]/D
          Clock: (R) clk

                     Capture       Launch     
        Clock Edge:+    5000            0     
       Src Latency:+       0            0     
       Net Latency:+       0 (I)        0 (I) 
           Arrival:=    5000            0     
                                              
             Setup:-     125                  
       Uncertainty:-     100                  
     Required Time:=    4775                  
      Launch Clock:-       0                  
         Data Path:-    3153                  
             Slack:=    1623                  

#---------------------------------------------------------------------------------------------------------------
#             Timing Point              Flags    Arc   Edge   Cell     Fanout Load Trans Delay Arrival Instance 
#                                                                             (fF)  (ps)  (ps)   (ps)  Location 
#---------------------------------------------------------------------------------------------------------------
  u_wmem_FIFO[2].u_fifo_count_reg[2]/CK -       -      R     (arrival)      6    -     0     0       0    (-,-) 
  u_wmem_FIFO[2].u_fifo_count_reg[2]/Q  -       CK->Q  F     DFFHQX1        5  1.5    49   211     211    (-,-) 
  g123459/Y                             -       A->Y   F     OR2X1          3  1.0    42   131     342    (-,-) 
  g123136/Y                             -       C->Y   R     NOR4X1         5  1.8   245   204     546    (-,-) 
  g122941/Y                             -       A1->Y  F     OAI22X1        1  0.3    95   216     762    (-,-) 
  g122767/Y                             -       C0->Y  R     AOI221X1       2  0.8   130   139     901    (-,-) 
  g122601/Y                             -       A1->Y  F     OAI22X1        3  0.9   125   168    1069    (-,-) 
  g122535/Y                             -       A->Y   R     NOR2X1         3  1.0    81   120    1189    (-,-) 
  g122495/Y                             -       C->Y   F     NAND3X1        4  1.2   172   152    1342    (-,-) 
  g122372/Y                             -       D->Y   R     NOR4X1         4  1.6   231   216    1557    (-,-) 
  g121772/Y                             -       A1->Y  F     AOI22X1        3  1.2   161   234    1792    (-,-) 
  g121242/Y                             -       A1->Y  R     OAI22X1        2  0.4    95   142    1933    (-,-) 
  g120780/Y                             -       A1->Y  R     AO21X1        27 10.6   237   292    2225    (-,-) 
  g82746/Y                              -       A1->Y  F     AOI22X1        2  0.4   120   214    2439    (-,-) 
  g82573/Y                              -       B->Y   F     OR2X1          4  1.1    44   151    2590    (-,-) 
  g82471/Y                              -       AN->Y  F     NOR2BX1        1  0.3    29    74    2665    (-,-) 
  g82454/Y                              -       B->Y   R     NOR2X1         2  0.6    56    51    2716    (-,-) 
  g82379/Y                              -       AN->Y  R     NAND2BX1       1  0.6    34    86    2802    (-,-) 
  g82262/CO                             -       CI->CO R     ADDFX1         1  0.4    35   181    2983    (-,-) 
  g82226/Y                              -       B->Y   F     XNOR2X1        1  0.3    26   128    3111    (-,-) 
  g82198/Y                              -       B->Y   R     NOR2X1         1  0.3    40    42    3153    (-,-) 
  u_wmem_FIFO[2].u_fifo_count_reg[5]/D  <<<     -      R     DFFHQX1        1    -     -     0    3153    (-,-) 
#---------------------------------------------------------------------------------------------------------------

