
Power Net Detected:
        Voltage	    Name
             0V	    VSS
           0.9V	    VDD
Using Power View: view_slow.
AAE_INFO: opIsDesignInPostRouteState() is 1
AAE_INFO: resetNetProps viewIdx 0 
Starting SI iteration 1 using Infinite Timing Windows
#################################################################################
# Design Stage: PostRoute
# Design Name: aer_tx16_coord_transform_v1
# Design Mode: 45nm
# Analysis Mode: MMMC OCV 
# Parasitics Mode: SPEF/RCDB 
# Signoff Settings: SI On 
#################################################################################
AAE_INFO: 1 threads acquired from CTE.
Start delay calculation (fullDC) (1 T). (MEM=2773.32)
*** Calculating scaling factor for libset_slow libraries using the default operating condition of each library.
Initializing multi-corner resistance tables ...
Total number of fetched objects 13829
AAE_INFO: Total number of nets for which stage creation was skipped for all views 0
AAE_INFO-618: Total number of nets in the design is 13839,  100.0 percent of the nets selected for SI analysis
End delay calculation. (MEM=2790.01 CPU=0:00:04.4 REAL=0:00:05.0)
End delay calculation (fullDC). (MEM=2790.01 CPU=0:00:05.0 REAL=0:00:05.0)
Save waveform /home/aiasic26911/redred-faer/innovus_temp_58615_4804b577-bb63-4e86-bef9-3a0fbace0556_snu.polaris.09_aiasic26911_bPl4SK/.AAE_bU5Q2j/.AAE_58615_4804b577-bb63-4e86-bef9-3a0fbace0556/waveform.data...
Loading CTE timing window with TwFlowType 0...(CPU = 0:00:00.0, REAL = 0:00:00.0, MEM = 2790.6M)
Add other clocks and setupCteToAAEClockMapping during iter 1
Loading CTE timing window is completed (CPU = 0:00:00.1, REAL = 0:00:00.0, MEM = 2790.8M)
Starting SI iteration 2
Start delay calculation (fullDC) (1 T). (MEM=2689.09)
Glitch Analysis: View view_slow -- Total Number of Nets Skipped = 128. 
Glitch Analysis: View view_slow -- Total Number of Nets Analyzed = 13829. 
Total number of fetched objects 13829
AAE_INFO: Total number of nets for which stage creation was skipped for all views 0
AAE_INFO-618: Total number of nets in the design is 13839,  3.6 percent of the nets selected for SI analysis
End delay calculation. (MEM=2693.08 CPU=0:00:00.5 REAL=0:00:00.0)
End delay calculation (fullDC). (MEM=2693.08 CPU=0:00:00.5 REAL=0:00:00.0)
Load RC corner of view view_slow

Begin Power Analysis

             0V	    VSS
           0.9V	    VDD

Begin Processing Timing Library for Power Calculation

Ended Processing Timing Library for Power Calculation: (cpu=0:00:00, real=0:00:00, mem(process/total/peak)=2686.79MB/5270.35MB/2886.46MB)



Begin Processing Power Net/Grid for Power Calculation

Ended Processing Power Net/Grid for Power Calculation: (cpu=0:00:00, real=0:00:00, mem(process/total/peak)=2686.84MB/5270.35MB/2886.46MB)

Begin Processing Timing Window Data for Power Calculation

clk(200MHz) CK: assigning clock clk to net clk
Ended Processing Timing Window Data for Power Calculation: (cpu=0:00:00, real=0:00:00, mem(process/total/peak)=2687.72MB/5270.35MB/2886.46MB)

Begin Processing User Attributes

Ended Processing User Attributes: (cpu=0:00:00, real=0:00:00, mem(process/total/peak)=2687.82MB/5270.35MB/2886.46MB)

Begin Processing Signal Activity


Starting Levelizing
2026-Oct-06 12:05:09 (2026-Oct-06 03:05:09 GMT)
2026-Oct-06 12:05:09 (2026-Oct-06 03:05:09 GMT): 10%
2026-Oct-06 12:05:09 (2026-Oct-06 03:05:09 GMT): 20%
2026-Oct-06 12:05:09 (2026-Oct-06 03:05:09 GMT): 30%
2026-Oct-06 12:05:09 (2026-Oct-06 03:05:09 GMT): 40%
2026-Oct-06 12:05:09 (2026-Oct-06 03:05:09 GMT): 50%
2026-Oct-06 12:05:09 (2026-Oct-06 03:05:09 GMT): 60%
2026-Oct-06 12:05:09 (2026-Oct-06 03:05:09 GMT): 70%
2026-Oct-06 12:05:09 (2026-Oct-06 03:05:09 GMT): 80%
2026-Oct-06 12:05:09 (2026-Oct-06 03:05:09 GMT): 90%

Finished Levelizing
2026-Oct-06 12:05:09 (2026-Oct-06 03:05:09 GMT)

Starting Activity Propagation
2026-Oct-06 12:05:09 (2026-Oct-06 03:05:09 GMT)
** INFO:  (VOLTUS_POWR-1356): No default input activity has been set. Defaulting to 0.2.
Use 'set_default_switching_activity -input_activity' command to change the default activity value.

2026-Oct-06 12:05:09 (2026-Oct-06 03:05:09 GMT): 10%
2026-Oct-06 12:05:09 (2026-Oct-06 03:05:09 GMT): 20%

Finished Activity Propagation
2026-Oct-06 12:05:09 (2026-Oct-06 03:05:09 GMT)
Ended Processing Signal Activity: (cpu=0:00:01, real=0:00:00, mem(process/total/peak)=2688.18MB/5270.35MB/2886.46MB)

Begin Power Computation

      ----------------------------------------------------------
      # of cell(s) missing both power/leakage table: 0
      # of cell(s) missing power table: 0
      # of cell(s) missing leakage table: 0
      ----------------------------------------------------------



Starting Calculating power
2026-Oct-06 12:05:10 (2026-Oct-06 03:05:10 GMT)
 ... Calculating switching power
2026-Oct-06 12:05:10 (2026-Oct-06 03:05:10 GMT): 10%
2026-Oct-06 12:05:10 (2026-Oct-06 03:05:10 GMT): 20%
2026-Oct-06 12:05:10 (2026-Oct-06 03:05:10 GMT): 30%
2026-Oct-06 12:05:10 (2026-Oct-06 03:05:10 GMT): 40%
 ... Calculating internal and leakage power
2026-Oct-06 12:05:10 (2026-Oct-06 03:05:10 GMT): 50%
2026-Oct-06 12:05:10 (2026-Oct-06 03:05:10 GMT): 60%
2026-Oct-06 12:05:10 (2026-Oct-06 03:05:10 GMT): 70%
2026-Oct-06 12:05:10 (2026-Oct-06 03:05:10 GMT): 80%
2026-Oct-06 12:05:10 (2026-Oct-06 03:05:10 GMT): 90%

Finished Calculating power
2026-Oct-06 12:05:10 (2026-Oct-06 03:05:10 GMT)
      # of MSMV cell(s) missing power_level: 0
Ended Power Computation: (cpu=0:00:00, real=0:00:00, mem(process/total/peak)=2689.09MB/5270.35MB/2886.46MB)

Begin Processing User Attributes

Begin Processing set_power
Ended Processing set_power: (cpu=0:00:00, real=0:00:00,
mem(process/total/peak)=2689.14MB/5270.35MB/2886.46MB)
Ended Processing User Attributes: (cpu=0:00:00, real=0:00:00, mem(process/total/peak)=2689.15MB/5270.35MB/2886.46MB)

Ended Power Analysis: (cpu=0:00:02, real=0:00:01, mem(process/total/peak)=2689.16MB/5270.35MB/2886.46MB)

Begin Boundary Leakage Calculation
Ended Boundary Leakage Calculation: (cpu=0:00:00, real=0:00:00,
mem(process/total/peak)=2689.24MB/5270.35MB/2886.46MB)
Begin Static Power Report Generation
*----------------------------------------------------------------------------------------
*	Innovus 23.14-s088_1 (64bit) 02/28/2025 12:25 (Linux 3.10.0-693.el7.x86_64)
*	
*
* 	Date & Time:	2026-Oct-06 12:05:10 (2026-Oct-06 03:05:10 GMT)
*
*----------------------------------------------------------------------------------------
*
*	Design: aer_tx16_coord_transform_v1
*
*	Liberty Libraries used:
*	        view_slow: /home/aiasic26911/gsclib045_all_v4.7/gsclib045/timing/slow_vdd1v0_basicCells.lib
*
*	Parasitic Files used:
*
*       Power View : view_slow
*
*       User-Defined Activity : N.A.
*
*       Activity File: N.A.
*
*       Hierarchical Global Activity: N.A.
*
*       Global Activity: N.A.
*
*       Sequential Element Activity: 0.200000
*
*       Primary Input Activity: 0.200000
*
*       Default icg ratio: N.A.
*
*       Global Comb ClockGate Ratio: N.A.
*
*	Power Units = 1mW
*
*	Time Units = 1e-09 secs
*
*       report_power
*
-----------------------------------------------------------------------------------------
*



Total Power
-----------------------------------------------------------------------------------------
Total Internal Power:        0.96523999 	   62.1725%
Total Switching Power:       0.58649716 	   37.7771%
Total Leakage Power:         0.00078262 	    0.0504%
Total Power:                 1.55251977
-----------------------------------------------------------------------------------------


Group                           Internal   Switching     Leakage       Total  Percentage 
                                Power      Power         Power         Power  (%)        
-----------------------------------------------------------------------------------------
Sequential                        0.4553     0.07477   0.0003534      0.5304       34.17
Macro                                  0           0           0           0           0
IO                                     0           0           0           0           0
Combinational                     0.2424      0.3692   0.0003653       0.612       39.42
Clock (Combinational)            0.05388      0.1054   8.215e-06      0.1593       10.26
Clock (Sequential)                0.2137     0.03708   5.562e-05      0.2508       16.15
-----------------------------------------------------------------------------------------
Total                             0.9652      0.5865   0.0007826       1.553         100
-----------------------------------------------------------------------------------------


Rail                  Voltage   Internal   Switching     Leakage       Total  Percentage 
                                Power      Power         Power         Power  (%)        
-----------------------------------------------------------------------------------------
VDD                       0.9     0.9652      0.5865   0.0007826       1.553         100


Clock                           Internal   Switching     Leakage       Total  Percentage 
                                Power      Power         Power         Power  (%)        
-----------------------------------------------------------------------------------------
clk                               0.2675      0.1425   6.384e-05      0.4101       26.41
-----------------------------------------------------------------------------------------
Total                             0.2675      0.1425   6.384e-05      0.4101       26.41
-----------------------------------------------------------------------------------------
Clock: clk
Clock Period: 0.005000 usec 
Clock Toggle Rate:   400.0000 Mhz 
Clock Static Probability:  0.5000
  
 
 
-----------------------------------------------------------------------------------------
*	Power Distribution Summary: 
*              Highest Average Power:         CTS_csf_buf_00090 (CLKBUFX4):         0.002912
*              Highest Leakage Power:                   g123658 (CLKINVX20):        4.995e-07
*                Total Cap:      3.45766e-11 F
*                Total instances in design: 13465
*                Total instances in design with no power:     0
*                Total instances in design with no activty:     0

*                Total Fillers and Decap:     0
-----------------------------------------------------------------------------------------
 
** INFO:  (VOLTUS_POWR-3465): There are 0 decaps and 0 fillers in the design

Ended Static Power Report Generation: (cpu=0:00:00, real=0:00:00,
mem(process/total/peak)=2692.94MB/5270.35MB/2886.46MB)

