###############################################################
#  Generated by:      Cadence Innovus 23.14-s088_1
#  OS:                Linux x86_64(Host ID snu.polaris.09)
#  Generated on:      Tue Oct  6 12:05:11 2026
#  Design:            aer_tx16_coord_transform_v1
#  Command:           report_timing -late  > $OUT_DIR/${DESIGN}_setup_timing.rpt
###############################################################
Path 1: MET Late External Delay Assertion 
Endpoint:   world_pol                            (^) checked with  leading edge 
of 'clk'
Beginpoint: u_wmem_FIFO[5].u_fifo_count_reg[0]/Q (v) triggered by  leading edge 
of 'clk'
Path Groups: {clk}
Analysis View: view_slow
Other End Arrival Time          0.000
- External Delay                0.250
+ Phase Shift                   5.000
+ CPPR Adjustment               0.000
- Uncertainty                   0.100
= Required Time                 4.650
- Arrival Time                  4.594
= Slack Time                    0.056
     Clock Rise Edge                 0.000
     + Clock Network Latency (Prop)  0.031
     = Beginpoint Arrival Time       0.031
     +-----------------------------------------------------------------------------------------------+ 
     |                Instance                 |     Arc     |   Cell   | Delay | Arrival | Required | 
     |                                         |             |          |       |  Time   |   Time   | 
     |-----------------------------------------+-------------+----------+-------+---------+----------| 
     | u_wmem_FIFO[5].u_fifo_count_reg[0]      | CK ^        |          |       |   0.031 |    0.088 | 
     | u_wmem_FIFO[5].u_fifo_count_reg[0]      | CK ^ -> Q v | DFFHQX1  | 0.238 |   0.269 |    0.326 | 
     | FE_PHC4022_u_wmem_FIFO_5_u_fifo_count_0 | A v -> Y v  | DLY1X1   | 0.203 |   0.472 |    0.529 | 
     | g123422                                 | A v -> Y v  | OR2X1    | 0.167 |   0.640 |    0.696 | 
     | g123142                                 | D v -> Y ^  | NOR4X1   | 0.126 |   0.766 |    0.822 | 
     | FE_OFC3681_n_744                        | A ^ -> Y v  | INVX1    | 0.204 |   0.970 |    1.026 | 
     | FE_OFC3682_n_744                        | A v -> Y ^  | INVX1    | 0.111 |   1.081 |    1.138 | 
     | g122935                                 | B1 ^ -> Y v | OAI22X1  | 0.115 |   1.196 |    1.253 | 
     | g122773                                 | C0 v -> Y ^ | AOI221X1 | 0.225 |   1.421 |    1.478 | 
     | g122599                                 | A1 ^ -> Y v | OAI22X1  | 0.248 |   1.669 |    1.726 | 
     | g122535                                 | B v -> Y ^  | NOR2X1   | 0.180 |   1.849 |    1.906 | 
     | g122495                                 | C ^ -> Y v  | NAND3X2  | 0.214 |   2.063 |    2.119 | 
     | g123840                                 | B v -> Y ^  | NOR2BX1  | 0.329 |   2.392 |    2.448 | 
     | g121898                                 | B ^ -> Y v  | NAND2X1  | 0.184 |   2.576 |    2.633 | 
     | g121586                                 | B v -> Y v  | AND2X1   | 0.118 |   2.695 |    2.751 | 
     | g121340                                 | B v -> Y v  | OR2XL    | 0.127 |   2.822 |    2.878 | 
     | g121219                                 | B0 v -> Y ^ | OAI21X1  | 0.063 |   2.885 |    2.941 | 
     | g120779                                 | A1 ^ -> Y ^ | AO21X1   | 0.201 |   3.086 |    3.142 | 
     | FE_OFC1939_n_4081                       | A ^ -> Y ^  | BUFX3    | 0.196 |   3.281 |    3.338 | 
     | g119707                                 | C1 ^ -> Y v | AOI222X1 | 0.165 |   3.447 |    3.503 | 
     | FE_OFC1977_n_3448                       | A v -> Y v  | CLKBUFX2 | 0.334 |   3.781 |    3.837 | 
     | g119546                                 | B v -> Y ^  | NAND2XL  | 0.086 |   3.867 |    3.924 | 
     | FE_OFC2022_n_3603                       | A ^ -> Y v  | INVX1    | 0.229 |   4.096 |    4.152 | 
     | FE_OFC2023_n_3603                       | A v -> Y ^  | INVX1    | 0.256 |   4.352 |    4.408 | 
     | g119452                                 | B ^ -> Y ^  | OR2X4    | 0.241 |   4.593 |    4.649 | 
     |                                         | world_pol ^ |          | 0.001 |   4.594 |    4.650 | 
     +-----------------------------------------------------------------------------------------------+ 

