###############################################################
#  Generated by:      Cadence Innovus 23.14-s088_1
#  OS:                Linux x86_64(Host ID snu.polaris.09)
#  Generated on:      Tue Oct  6 12:05:11 2026
#  Design:            aer_tx16_coord_transform_v1
#  Command:           report_timing -early > $OUT_DIR/${DESIGN}_hold_timing.rpt
###############################################################
Path 1: VIOLATED Hold Check with Pin xf_pol_d1_reg[6]/CK 
Endpoint:   xf_pol_d1_reg[6]/D      (v) checked with  leading edge of 'clk'
Beginpoint: u_tx_pol_mask1_reg[2]/Q (v) triggered by  leading edge of 'clk'
Path Groups: {clk}
Analysis View: view_fast
Other End Arrival Time          0.144
+ Hold                          0.002
+ Phase Shift                   0.000
- CPPR Adjustment               0.141
+ Uncertainty                   0.100
= Required Time                 0.105
  Arrival Time                  0.102
  Slack Time                   -0.004
     Clock Rise Edge                 0.000
     + Clock Network Latency (Prop)  -0.001
     = Beginpoint Arrival Time       -0.001
     +------------------------------------------------------------------------------+ 
     |        Instance        |     Arc     |   Cell   | Delay | Arrival | Required | 
     |                        |             |          |       |  Time   |   Time   | 
     |------------------------+-------------+----------+-------+---------+----------| 
     | u_tx_pol_mask1_reg[2]  | CK ^        |          |       |  -0.001 |    0.003 | 
     | u_tx_pol_mask1_reg[2]  | CK ^ -> Q v | DFFQXL   | 0.056 |   0.056 |    0.059 | 
     | FE_PHC3759_pol_mask1_2 | A v -> Y v  | CLKBUFX2 | 0.024 |   0.080 |    0.084 | 
     | g121889                | AN v -> Y v | NOR2BX1  | 0.022 |   0.102 |    0.105 | 
     | xf_pol_d1_reg[6]       | D v         | DFFHQX1  | 0.000 |   0.102 |    0.105 | 
     +------------------------------------------------------------------------------+ 

