    Hinst Name                           Module Name          Inst Count           Total Area
------------------------------------------------------------------------------------------
aer_tx16_coord_transform_v1                                        13465            39619.332
  RC_CG_HIER_INST0                       RC_CG_MOD                     1                6.498
  u_tx_RC_CG_HIER_INST1                  RC_CG_MOD_1                   2                8.550
  u_tx_RC_CG_HIER_INST10                 RC_CG_MOD_10                  1                6.840
  u_tx_RC_CG_HIER_INST11                 RC_CG_MOD_11                  2                8.208
  u_tx_RC_CG_HIER_INST12                 RC_CG_MOD_12                  2                8.208
  u_tx_RC_CG_HIER_INST13                 RC_CG_MOD_13                  2                8.550
  u_tx_RC_CG_HIER_INST14                 RC_CG_MOD_14                  2                8.208
  u_tx_RC_CG_HIER_INST15                 RC_CG_MOD_15                  1                6.840
  u_tx_RC_CG_HIER_INST16                 RC_CG_MOD_16                  2                8.550
  u_tx_RC_CG_HIER_INST17                 RC_CG_MOD_17                  2                8.550
  u_tx_RC_CG_HIER_INST18                 RC_CG_MOD_18                  3               10.260
  u_tx_RC_CG_HIER_INST19                 RC_CG_MOD_19                  2                8.550
  u_tx_RC_CG_HIER_INST2                  RC_CG_MOD_2                   2                8.550
  u_tx_RC_CG_HIER_INST20                 RC_CG_MOD_20                  2                8.550
  u_tx_RC_CG_HIER_INST21                 RC_CG_MOD_21                  2                8.550
  u_tx_RC_CG_HIER_INST22                 RC_CG_MOD_22                  2                8.208
  u_tx_RC_CG_HIER_INST23                 RC_CG_MOD_23                  1                6.840
  u_tx_RC_CG_HIER_INST24                 RC_CG_MOD_24                  2                8.550
  u_tx_RC_CG_HIER_INST25                 RC_CG_MOD_25                  1                6.840
  u_tx_RC_CG_HIER_INST26                 RC_CG_MOD_26                  1                6.840
  u_tx_RC_CG_HIER_INST27                 RC_CG_MOD_27                  1                6.498
  u_tx_RC_CG_HIER_INST28                 RC_CG_MOD_28                  2                8.208
  u_tx_RC_CG_HIER_INST29                 RC_CG_MOD_29                  1                6.840
  u_tx_RC_CG_HIER_INST3                  RC_CG_MOD_3                   1                6.840
  u_tx_RC_CG_HIER_INST30                 RC_CG_MOD_30                  2                8.550
  u_tx_RC_CG_HIER_INST31                 RC_CG_MOD_31                  1                6.840
  u_tx_RC_CG_HIER_INST32                 RC_CG_MOD_32                  2                8.208
  u_tx_RC_CG_HIER_INST4                  RC_CG_MOD_4                   2                8.550
  u_tx_RC_CG_HIER_INST5                  RC_CG_MOD_5                   1                6.840
  u_tx_RC_CG_HIER_INST6                  RC_CG_MOD_6                   2                8.550
  u_tx_RC_CG_HIER_INST7                  RC_CG_MOD_7                   1                6.840
  u_tx_RC_CG_HIER_INST8                  RC_CG_MOD_8                   1                6.840
  u_tx_RC_CG_HIER_INST9                  RC_CG_MOD_9                   1                6.840
  u_wmem_FIFO[0].u_fifo_RC_CG_HIER_INST33 RC_CG_MOD_39_2017             1                7.182
  u_wmem_FIFO[0].u_fifo_RC_CG_HIER_INST34 RC_CG_MOD_47_2024             1                7.182
  u_wmem_FIFO[0].u_fifo_RC_CG_HIER_INST35 RC_CG_MOD_55_2031             1                7.182
  u_wmem_FIFO[0].u_fifo_RC_CG_HIER_INST36 RC_CG_MOD_63_2038             1                8.550
  u_wmem_FIFO[0].u_fifo_RC_CG_HIER_INST37 RC_CG_MOD_71_2045             1                8.550
  u_wmem_FIFO[0].u_fifo_RC_CG_HIER_INST38 RC_CG_MOD_79_2052             1                8.550
  u_wmem_FIFO[0].u_fifo_RC_CG_HIER_INST39 RC_CG_MOD_87_2059             1                8.550
  u_wmem_FIFO[0].u_fifo_RC_CG_HIER_INST40 RC_CG_MOD_95_2066             1                8.550
  u_wmem_FIFO[0].u_fifo_RC_CG_HIER_INST41 RC_CG_MOD_103_1828            1                8.550
  u_wmem_FIFO[0].u_fifo_RC_CG_HIER_INST42 RC_CG_MOD_111_1835            1                7.182
  u_wmem_FIFO[0].u_fifo_RC_CG_HIER_INST43 RC_CG_MOD_119_1842            1                7.182
  u_wmem_FIFO[0].u_fifo_RC_CG_HIER_INST44 RC_CG_MOD_127_1849            1                7.182
  u_wmem_FIFO[0].u_fifo_RC_CG_HIER_INST45 RC_CG_MOD_135_1856            1                7.182
  u_wmem_FIFO[0].u_fifo_RC_CG_HIER_INST46 RC_CG_MOD_143_1863            1                6.840
  u_wmem_FIFO[0].u_fifo_RC_CG_HIER_INST47 RC_CG_MOD_151_1870            1                6.840
  u_wmem_FIFO[0].u_fifo_RC_CG_HIER_INST48 RC_CG_MOD_159_1877            1                7.182
  u_wmem_FIFO[0].u_fifo_RC_CG_HIER_INST49 RC_CG_MOD_167_1884            1                7.182
  u_wmem_FIFO[0].u_fifo_RC_CG_HIER_INST50 RC_CG_MOD_175_1891            1                8.550
  u_wmem_FIFO[0].u_fifo_RC_CG_HIER_INST51 RC_CG_MOD_183_1898            1                7.182
  u_wmem_FIFO[0].u_fifo_RC_CG_HIER_INST52 RC_CG_MOD_191_1905            1                8.550
  u_wmem_FIFO[0].u_fifo_RC_CG_HIER_INST53 RC_CG_MOD_199_1912            1                8.550
  u_wmem_FIFO[0].u_fifo_RC_CG_HIER_INST54 RC_CG_MOD_207_1919            1                8.892
  u_wmem_FIFO[0].u_fifo_RC_CG_HIER_INST55 RC_CG_MOD_215_1926            1                8.550
  u_wmem_FIFO[0].u_fifo_RC_CG_HIER_INST56 RC_CG_MOD_223_1933            1                8.550
  u_wmem_FIFO[0].u_fifo_RC_CG_HIER_INST57 RC_CG_MOD_231_1940            1                8.550
  u_wmem_FIFO[0].u_fifo_RC_CG_HIER_INST58 RC_CG_MOD_239_1947            1                8.550
  u_wmem_FIFO[0].u_fifo_RC_CG_HIER_INST59 RC_CG_MOD_247_1954            1                8.550
  u_wmem_FIFO[0].u_fifo_RC_CG_HIER_INST60 RC_CG_MOD_255_1961            1                7.182
  u_wmem_FIFO[0].u_fifo_RC_CG_HIER_INST61 RC_CG_MOD_263_1968            1                8.550
  u_wmem_FIFO[0].u_fifo_RC_CG_HIER_INST62 RC_CG_MOD_271_1975            1                8.550
  u_wmem_FIFO[0].u_fifo_RC_CG_HIER_INST63 RC_CG_MOD_279_1982            1                7.182
  u_wmem_FIFO[0].u_fifo_RC_CG_HIER_INST64 RC_CG_MOD_287_1989            1                6.840
  u_wmem_FIFO[0].u_fifo_RC_CG_HIER_INST65 RC_CG_MOD_295_1996            1                6.498
  u_wmem_FIFO[0].u_fifo_RC_CG_HIER_INST66 RC_CG_MOD_303_2003            1                6.498
  u_wmem_FIFO[0].u_fifo_RC_CG_HIER_INST67 RC_CG_MOD_311_2010            1                6.498
  u_wmem_FIFO[1].u_fifo_RC_CG_HIER_INST33 RC_CG_MOD_39                  1                8.550
  u_wmem_FIFO[1].u_fifo_RC_CG_HIER_INST34 RC_CG_MOD_47                  1                7.182
  u_wmem_FIFO[1].u_fifo_RC_CG_HIER_INST35 RC_CG_MOD_55                  1                8.550
  u_wmem_FIFO[1].u_fifo_RC_CG_HIER_INST36 RC_CG_MOD_63                  1                6.840
  u_wmem_FIFO[1].u_fifo_RC_CG_HIER_INST37 RC_CG_MOD_71                  1                8.550
  u_wmem_FIFO[1].u_fifo_RC_CG_HIER_INST38 RC_CG_MOD_79                  1                8.550
  u_wmem_FIFO[1].u_fifo_RC_CG_HIER_INST39 RC_CG_MOD_87                  1                8.550
  u_wmem_FIFO[1].u_fifo_RC_CG_HIER_INST40 RC_CG_MOD_95                  1                6.840
  u_wmem_FIFO[1].u_fifo_RC_CG_HIER_INST41 RC_CG_MOD_103                 1                7.182
  u_wmem_FIFO[1].u_fifo_RC_CG_HIER_INST42 RC_CG_MOD_111                 1                6.840
  u_wmem_FIFO[1].u_fifo_RC_CG_HIER_INST43 RC_CG_MOD_119                 1                6.840
  u_wmem_FIFO[1].u_fifo_RC_CG_HIER_INST44 RC_CG_MOD_127                 1                7.182
  u_wmem_FIFO[1].u_fifo_RC_CG_HIER_INST45 RC_CG_MOD_135                 1                6.840
  u_wmem_FIFO[1].u_fifo_RC_CG_HIER_INST46 RC_CG_MOD_143                 1                7.182
  u_wmem_FIFO[1].u_fifo_RC_CG_HIER_INST47 RC_CG_MOD_151                 1                6.840
  u_wmem_FIFO[1].u_fifo_RC_CG_HIER_INST48 RC_CG_MOD_159                 1                8.550
  u_wmem_FIFO[1].u_fifo_RC_CG_HIER_INST49 RC_CG_MOD_167                 1                7.182
  u_wmem_FIFO[1].u_fifo_RC_CG_HIER_INST50 RC_CG_MOD_175                 1                7.182
  u_wmem_FIFO[1].u_fifo_RC_CG_HIER_INST51 RC_CG_MOD_183                 1                6.840
  u_wmem_FIFO[1].u_fifo_RC_CG_HIER_INST52 RC_CG_MOD_191                 1                7.182
  u_wmem_FIFO[1].u_fifo_RC_CG_HIER_INST53 RC_CG_MOD_199                 1                6.840
  u_wmem_FIFO[1].u_fifo_RC_CG_HIER_INST54 RC_CG_MOD_207                 1                6.840
  u_wmem_FIFO[1].u_fifo_RC_CG_HIER_INST55 RC_CG_MOD_215                 1                6.840
  u_wmem_FIFO[1].u_fifo_RC_CG_HIER_INST56 RC_CG_MOD_223                 1                6.498
  u_wmem_FIFO[1].u_fifo_RC_CG_HIER_INST57 RC_CG_MOD_231                 1                6.840
  u_wmem_FIFO[1].u_fifo_RC_CG_HIER_INST58 RC_CG_MOD_239                 2                8.892
  u_wmem_FIFO[1].u_fifo_RC_CG_HIER_INST59 RC_CG_MOD_247                 1                6.840
  u_wmem_FIFO[1].u_fifo_RC_CG_HIER_INST60 RC_CG_MOD_255                 1                7.182
  u_wmem_FIFO[1].u_fifo_RC_CG_HIER_INST61 RC_CG_MOD_263                 1                7.182
  u_wmem_FIFO[1].u_fifo_RC_CG_HIER_INST62 RC_CG_MOD_271                 1                8.550
  u_wmem_FIFO[1].u_fifo_RC_CG_HIER_INST63 RC_CG_MOD_279                 1                7.182
  u_wmem_FIFO[1].u_fifo_RC_CG_HIER_INST64 RC_CG_MOD_287                 1                8.550
  u_wmem_FIFO[1].u_fifo_RC_CG_HIER_INST65 RC_CG_MOD_295                 1                6.498
  u_wmem_FIFO[1].u_fifo_RC_CG_HIER_INST66 RC_CG_MOD_303                 1                6.498
  u_wmem_FIFO[1].u_fifo_RC_CG_HIER_INST67 RC_CG_MOD_311                 1                6.498
  u_wmem_FIFO[2].u_fifo_RC_CG_HIER_INST33 RC_CG_MOD_39_2023             1                8.550
  u_wmem_FIFO[2].u_fifo_RC_CG_HIER_INST34 RC_CG_MOD_47_2030             1                8.550
  u_wmem_FIFO[2].u_fifo_RC_CG_HIER_INST35 RC_CG_MOD_55_2037             1                7.182
  u_wmem_FIFO[2].u_fifo_RC_CG_HIER_INST36 RC_CG_MOD_63_2044             1                7.182
  u_wmem_FIFO[2].u_fifo_RC_CG_HIER_INST37 RC_CG_MOD_71_2051             1                6.840
  u_wmem_FIFO[2].u_fifo_RC_CG_HIER_INST38 RC_CG_MOD_79_2058             1                7.182
  u_wmem_FIFO[2].u_fifo_RC_CG_HIER_INST39 RC_CG_MOD_87_2065             1                7.182
  u_wmem_FIFO[2].u_fifo_RC_CG_HIER_INST40 RC_CG_MOD_95_2072             1                7.182
  u_wmem_FIFO[2].u_fifo_RC_CG_HIER_INST41 RC_CG_MOD_103_1834            1                7.182
  u_wmem_FIFO[2].u_fifo_RC_CG_HIER_INST42 RC_CG_MOD_111_1841            1                6.840
  u_wmem_FIFO[2].u_fifo_RC_CG_HIER_INST43 RC_CG_MOD_119_1848            1                6.840
  u_wmem_FIFO[2].u_fifo_RC_CG_HIER_INST44 RC_CG_MOD_127_1855            1                8.550
  u_wmem_FIFO[2].u_fifo_RC_CG_HIER_INST45 RC_CG_MOD_135_1862            1                8.550
  u_wmem_FIFO[2].u_fifo_RC_CG_HIER_INST46 RC_CG_MOD_143_1869            1                8.892
  u_wmem_FIFO[2].u_fifo_RC_CG_HIER_INST47 RC_CG_MOD_151_1876            1                8.550
  u_wmem_FIFO[2].u_fifo_RC_CG_HIER_INST48 RC_CG_MOD_159_1883            1                8.550
  u_wmem_FIFO[2].u_fifo_RC_CG_HIER_INST49 RC_CG_MOD_167_1890            1                8.550
  u_wmem_FIFO[2].u_fifo_RC_CG_HIER_INST50 RC_CG_MOD_175_1897            1                8.550
  u_wmem_FIFO[2].u_fifo_RC_CG_HIER_INST51 RC_CG_MOD_183_1904            1                8.550
  u_wmem_FIFO[2].u_fifo_RC_CG_HIER_INST52 RC_CG_MOD_191_1911            1                6.840
  u_wmem_FIFO[2].u_fifo_RC_CG_HIER_INST53 RC_CG_MOD_199_1918            1                7.182
  u_wmem_FIFO[2].u_fifo_RC_CG_HIER_INST54 RC_CG_MOD_207_1925            1                7.182
  u_wmem_FIFO[2].u_fifo_RC_CG_HIER_INST55 RC_CG_MOD_215_1932            1                7.182
  u_wmem_FIFO[2].u_fifo_RC_CG_HIER_INST56 RC_CG_MOD_223_1939            1                7.182
  u_wmem_FIFO[2].u_fifo_RC_CG_HIER_INST57 RC_CG_MOD_231_1946            1                8.550
  u_wmem_FIFO[2].u_fifo_RC_CG_HIER_INST58 RC_CG_MOD_239_1953            1                6.840
  u_wmem_FIFO[2].u_fifo_RC_CG_HIER_INST59 RC_CG_MOD_247_1960            1                8.550
  u_wmem_FIFO[2].u_fifo_RC_CG_HIER_INST60 RC_CG_MOD_255_1967            1                6.840
  u_wmem_FIFO[2].u_fifo_RC_CG_HIER_INST61 RC_CG_MOD_263_1974            1                8.550
  u_wmem_FIFO[2].u_fifo_RC_CG_HIER_INST62 RC_CG_MOD_271_1981            1                7.182
  u_wmem_FIFO[2].u_fifo_RC_CG_HIER_INST63 RC_CG_MOD_279_1988            1                7.182
  u_wmem_FIFO[2].u_fifo_RC_CG_HIER_INST64 RC_CG_MOD_287_1995            1                7.182
  u_wmem_FIFO[2].u_fifo_RC_CG_HIER_INST65 RC_CG_MOD_295_2002            1                6.498
  u_wmem_FIFO[2].u_fifo_RC_CG_HIER_INST66 RC_CG_MOD_303_2009            1                6.498
  u_wmem_FIFO[2].u_fifo_RC_CG_HIER_INST67 RC_CG_MOD_311_2016            1                6.498
  u_wmem_FIFO[3].u_fifo_RC_CG_HIER_INST33 RC_CG_MOD_39_2022             1                7.182
  u_wmem_FIFO[3].u_fifo_RC_CG_HIER_INST34 RC_CG_MOD_47_2029             1                6.840
  u_wmem_FIFO[3].u_fifo_RC_CG_HIER_INST35 RC_CG_MOD_55_2036             1                7.182
  u_wmem_FIFO[3].u_fifo_RC_CG_HIER_INST36 RC_CG_MOD_63_2043             1                6.840
  u_wmem_FIFO[3].u_fifo_RC_CG_HIER_INST37 RC_CG_MOD_71_2050             1                7.182
  u_wmem_FIFO[3].u_fifo_RC_CG_HIER_INST38 RC_CG_MOD_79_2057             1                6.840
  u_wmem_FIFO[3].u_fifo_RC_CG_HIER_INST39 RC_CG_MOD_87_2064             1                6.840
  u_wmem_FIFO[3].u_fifo_RC_CG_HIER_INST40 RC_CG_MOD_95_2071             1                7.182
  u_wmem_FIFO[3].u_fifo_RC_CG_HIER_INST41 RC_CG_MOD_103_1833            1                7.182
  u_wmem_FIFO[3].u_fifo_RC_CG_HIER_INST42 RC_CG_MOD_111_1840            1                7.182
  u_wmem_FIFO[3].u_fifo_RC_CG_HIER_INST43 RC_CG_MOD_119_1847            1                6.840
  u_wmem_FIFO[3].u_fifo_RC_CG_HIER_INST44 RC_CG_MOD_127_1854            1                8.550
  u_wmem_FIFO[3].u_fifo_RC_CG_HIER_INST45 RC_CG_MOD_135_1861            1                6.840
  u_wmem_FIFO[3].u_fifo_RC_CG_HIER_INST46 RC_CG_MOD_143_1868            1                8.550
  u_wmem_FIFO[3].u_fifo_RC_CG_HIER_INST47 RC_CG_MOD_151_1875            1                7.182
  u_wmem_FIFO[3].u_fifo_RC_CG_HIER_INST48 RC_CG_MOD_159_1882            1                8.550
  u_wmem_FIFO[3].u_fifo_RC_CG_HIER_INST49 RC_CG_MOD_167_1889            1                7.182
  u_wmem_FIFO[3].u_fifo_RC_CG_HIER_INST50 RC_CG_MOD_175_1896            1                7.182
  u_wmem_FIFO[3].u_fifo_RC_CG_HIER_INST51 RC_CG_MOD_183_1903            1                6.840
  u_wmem_FIFO[3].u_fifo_RC_CG_HIER_INST52 RC_CG_MOD_191_1910            1                7.182
  u_wmem_FIFO[3].u_fifo_RC_CG_HIER_INST53 RC_CG_MOD_199_1917            1                6.840
  u_wmem_FIFO[3].u_fifo_RC_CG_HIER_INST54 RC_CG_MOD_207_1924            1                7.182
  u_wmem_FIFO[3].u_fifo_RC_CG_HIER_INST55 RC_CG_MOD_215_1931            1                6.840
  u_wmem_FIFO[3].u_fifo_RC_CG_HIER_INST56 RC_CG_MOD_223_1938            1                6.840
  u_wmem_FIFO[3].u_fifo_RC_CG_HIER_INST57 RC_CG_MOD_231_1945            1                6.840
  u_wmem_FIFO[3].u_fifo_RC_CG_HIER_INST58 RC_CG_MOD_239_1952            1                8.550
  u_wmem_FIFO[3].u_fifo_RC_CG_HIER_INST59 RC_CG_MOD_247_1959            1                6.840
  u_wmem_FIFO[3].u_fifo_RC_CG_HIER_INST60 RC_CG_MOD_255_1966            1                6.840
  u_wmem_FIFO[3].u_fifo_RC_CG_HIER_INST61 RC_CG_MOD_263_1973            1                7.182
  u_wmem_FIFO[3].u_fifo_RC_CG_HIER_INST62 RC_CG_MOD_271_1980            1                6.840
  u_wmem_FIFO[3].u_fifo_RC_CG_HIER_INST63 RC_CG_MOD_279_1987            1                7.182
  u_wmem_FIFO[3].u_fifo_RC_CG_HIER_INST64 RC_CG_MOD_287_1994            1                7.182
  u_wmem_FIFO[3].u_fifo_RC_CG_HIER_INST65 RC_CG_MOD_295_2001            2                8.208
  u_wmem_FIFO[3].u_fifo_RC_CG_HIER_INST66 RC_CG_MOD_303_2008            1                6.498
  u_wmem_FIFO[3].u_fifo_RC_CG_HIER_INST67 RC_CG_MOD_311_2015            1                6.498
  u_wmem_FIFO[4].u_fifo_RC_CG_HIER_INST33 RC_CG_MOD_39_2021             1                7.182
  u_wmem_FIFO[4].u_fifo_RC_CG_HIER_INST34 RC_CG_MOD_47_2028             1                7.182
  u_wmem_FIFO[4].u_fifo_RC_CG_HIER_INST35 RC_CG_MOD_55_2035             1                6.840
  u_wmem_FIFO[4].u_fifo_RC_CG_HIER_INST36 RC_CG_MOD_63_2042             1                6.840
  u_wmem_FIFO[4].u_fifo_RC_CG_HIER_INST37 RC_CG_MOD_71_2049             1                6.840
  u_wmem_FIFO[4].u_fifo_RC_CG_HIER_INST38 RC_CG_MOD_79_2056             1                7.182
  u_wmem_FIFO[4].u_fifo_RC_CG_HIER_INST39 RC_CG_MOD_87_2063             1                7.182
  u_wmem_FIFO[4].u_fifo_RC_CG_HIER_INST40 RC_CG_MOD_95_2070             1                7.182
  u_wmem_FIFO[4].u_fifo_RC_CG_HIER_INST41 RC_CG_MOD_103_1832            1                7.182
  u_wmem_FIFO[4].u_fifo_RC_CG_HIER_INST42 RC_CG_MOD_111_1839            1                6.840
  u_wmem_FIFO[4].u_fifo_RC_CG_HIER_INST43 RC_CG_MOD_119_1846            1                7.182
  u_wmem_FIFO[4].u_fifo_RC_CG_HIER_INST44 RC_CG_MOD_127_1853            1                6.840
  u_wmem_FIFO[4].u_fifo_RC_CG_HIER_INST45 RC_CG_MOD_135_1860            1                7.182
  u_wmem_FIFO[4].u_fifo_RC_CG_HIER_INST46 RC_CG_MOD_143_1867            1                6.840
  u_wmem_FIFO[4].u_fifo_RC_CG_HIER_INST47 RC_CG_MOD_151_1874            1                6.840
  u_wmem_FIFO[4].u_fifo_RC_CG_HIER_INST48 RC_CG_MOD_159_1881            1                6.840
  u_wmem_FIFO[4].u_fifo_RC_CG_HIER_INST49 RC_CG_MOD_167_1888            1                7.182
  u_wmem_FIFO[4].u_fifo_RC_CG_HIER_INST50 RC_CG_MOD_175_1895            1                7.182
  u_wmem_FIFO[4].u_fifo_RC_CG_HIER_INST51 RC_CG_MOD_183_1902            1                6.840
  u_wmem_FIFO[4].u_fifo_RC_CG_HIER_INST52 RC_CG_MOD_191_1909            1                7.182
  u_wmem_FIFO[4].u_fifo_RC_CG_HIER_INST53 RC_CG_MOD_199_1916            1                6.840
  u_wmem_FIFO[4].u_fifo_RC_CG_HIER_INST54 RC_CG_MOD_207_1923            1                6.840
  u_wmem_FIFO[4].u_fifo_RC_CG_HIER_INST55 RC_CG_MOD_215_1930            1                6.840
  u_wmem_FIFO[4].u_fifo_RC_CG_HIER_INST56 RC_CG_MOD_223_1937            1                6.840
  u_wmem_FIFO[4].u_fifo_RC_CG_HIER_INST57 RC_CG_MOD_231_1944            1                6.840
  u_wmem_FIFO[4].u_fifo_RC_CG_HIER_INST58 RC_CG_MOD_239_1951            1                6.840
  u_wmem_FIFO[4].u_fifo_RC_CG_HIER_INST59 RC_CG_MOD_247_1958            1                6.840
  u_wmem_FIFO[4].u_fifo_RC_CG_HIER_INST60 RC_CG_MOD_255_1965            1                7.182
  u_wmem_FIFO[4].u_fifo_RC_CG_HIER_INST61 RC_CG_MOD_263_1972            1                6.840
  u_wmem_FIFO[4].u_fifo_RC_CG_HIER_INST62 RC_CG_MOD_271_1979            1                6.840
  u_wmem_FIFO[4].u_fifo_RC_CG_HIER_INST63 RC_CG_MOD_279_1986            1                7.182
  u_wmem_FIFO[4].u_fifo_RC_CG_HIER_INST64 RC_CG_MOD_287_1993            1                6.840
  u_wmem_FIFO[4].u_fifo_RC_CG_HIER_INST65 RC_CG_MOD_295_2000            1                6.498
  u_wmem_FIFO[4].u_fifo_RC_CG_HIER_INST66 RC_CG_MOD_303_2007            1                6.498
  u_wmem_FIFO[4].u_fifo_RC_CG_HIER_INST67 RC_CG_MOD_311_2014            1                6.498
  u_wmem_FIFO[5].u_fifo_RC_CG_HIER_INST33 RC_CG_MOD_39_2020             1                6.840
  u_wmem_FIFO[5].u_fifo_RC_CG_HIER_INST34 RC_CG_MOD_47_2027             1                8.550
  u_wmem_FIFO[5].u_fifo_RC_CG_HIER_INST35 RC_CG_MOD_55_2034             1                6.840
  u_wmem_FIFO[5].u_fifo_RC_CG_HIER_INST36 RC_CG_MOD_63_2041             1                8.550
  u_wmem_FIFO[5].u_fifo_RC_CG_HIER_INST37 RC_CG_MOD_71_2048             1                8.550
  u_wmem_FIFO[5].u_fifo_RC_CG_HIER_INST38 RC_CG_MOD_79_2055             1                6.840
  u_wmem_FIFO[5].u_fifo_RC_CG_HIER_INST39 RC_CG_MOD_87_2062             1                6.840
  u_wmem_FIFO[5].u_fifo_RC_CG_HIER_INST40 RC_CG_MOD_95_2069             1                6.840
  u_wmem_FIFO[5].u_fifo_RC_CG_HIER_INST41 RC_CG_MOD_103_1831            1                8.550
  u_wmem_FIFO[5].u_fifo_RC_CG_HIER_INST42 RC_CG_MOD_111_1838            1                7.182
  u_wmem_FIFO[5].u_fifo_RC_CG_HIER_INST43 RC_CG_MOD_119_1845            1                8.550
  u_wmem_FIFO[5].u_fifo_RC_CG_HIER_INST44 RC_CG_MOD_127_1852            1                7.182
  u_wmem_FIFO[5].u_fifo_RC_CG_HIER_INST45 RC_CG_MOD_135_1859            1                8.550
  u_wmem_FIFO[5].u_fifo_RC_CG_HIER_INST46 RC_CG_MOD_143_1866            1                8.550
  u_wmem_FIFO[5].u_fifo_RC_CG_HIER_INST47 RC_CG_MOD_151_1873            1                7.182
  u_wmem_FIFO[5].u_fifo_RC_CG_HIER_INST48 RC_CG_MOD_159_1880            1                6.840
  u_wmem_FIFO[5].u_fifo_RC_CG_HIER_INST49 RC_CG_MOD_167_1887            1                6.840
  u_wmem_FIFO[5].u_fifo_RC_CG_HIER_INST50 RC_CG_MOD_175_1894            1                7.182
  u_wmem_FIFO[5].u_fifo_RC_CG_HIER_INST51 RC_CG_MOD_183_1901            1                7.182
  u_wmem_FIFO[5].u_fifo_RC_CG_HIER_INST52 RC_CG_MOD_191_1908            1                8.550
  u_wmem_FIFO[5].u_fifo_RC_CG_HIER_INST53 RC_CG_MOD_199_1915            1                7.182
  u_wmem_FIFO[5].u_fifo_RC_CG_HIER_INST54 RC_CG_MOD_207_1922            1                7.182
  u_wmem_FIFO[5].u_fifo_RC_CG_HIER_INST55 RC_CG_MOD_215_1929            1                8.550
  u_wmem_FIFO[5].u_fifo_RC_CG_HIER_INST56 RC_CG_MOD_223_1936            1                7.182
  u_wmem_FIFO[5].u_fifo_RC_CG_HIER_INST57 RC_CG_MOD_231_1943            1                7.182
  u_wmem_FIFO[5].u_fifo_RC_CG_HIER_INST58 RC_CG_MOD_239_1950            1                7.182
  u_wmem_FIFO[5].u_fifo_RC_CG_HIER_INST59 RC_CG_MOD_247_1957            1                8.550
  u_wmem_FIFO[5].u_fifo_RC_CG_HIER_INST60 RC_CG_MOD_255_1964            1                7.182
  u_wmem_FIFO[5].u_fifo_RC_CG_HIER_INST61 RC_CG_MOD_263_1971            1                6.840
  u_wmem_FIFO[5].u_fifo_RC_CG_HIER_INST62 RC_CG_MOD_271_1978            1                6.840
  u_wmem_FIFO[5].u_fifo_RC_CG_HIER_INST63 RC_CG_MOD_279_1985            1                6.840
  u_wmem_FIFO[5].u_fifo_RC_CG_HIER_INST64 RC_CG_MOD_287_1992            1                6.840
  u_wmem_FIFO[5].u_fifo_RC_CG_HIER_INST65 RC_CG_MOD_295_1999            1                6.498
  u_wmem_FIFO[5].u_fifo_RC_CG_HIER_INST66 RC_CG_MOD_303_2006            1                6.498
  u_wmem_FIFO[5].u_fifo_RC_CG_HIER_INST67 RC_CG_MOD_311_2013            1                6.498
  u_wmem_FIFO[6].u_fifo_RC_CG_HIER_INST33 RC_CG_MOD_39_2019             1                8.550
  u_wmem_FIFO[6].u_fifo_RC_CG_HIER_INST34 RC_CG_MOD_47_2026             1                8.550
  u_wmem_FIFO[6].u_fifo_RC_CG_HIER_INST35 RC_CG_MOD_55_2033             1                8.550
  u_wmem_FIFO[6].u_fifo_RC_CG_HIER_INST36 RC_CG_MOD_63_2040             1                7.182
  u_wmem_FIFO[6].u_fifo_RC_CG_HIER_INST37 RC_CG_MOD_71_2047             1                6.840
  u_wmem_FIFO[6].u_fifo_RC_CG_HIER_INST38 RC_CG_MOD_79_2054             1                7.182
  u_wmem_FIFO[6].u_fifo_RC_CG_HIER_INST39 RC_CG_MOD_87_2061             1                7.182
  u_wmem_FIFO[6].u_fifo_RC_CG_HIER_INST40 RC_CG_MOD_95_2068             1                6.840
  u_wmem_FIFO[6].u_fifo_RC_CG_HIER_INST41 RC_CG_MOD_103_1830            1                6.840
  u_wmem_FIFO[6].u_fifo_RC_CG_HIER_INST42 RC_CG_MOD_111_1837            1                8.550
  u_wmem_FIFO[6].u_fifo_RC_CG_HIER_INST43 RC_CG_MOD_119_1844            1                8.550
  u_wmem_FIFO[6].u_fifo_RC_CG_HIER_INST44 RC_CG_MOD_127_1851            1                8.550
  u_wmem_FIFO[6].u_fifo_RC_CG_HIER_INST45 RC_CG_MOD_135_1858            1                8.550
  u_wmem_FIFO[6].u_fifo_RC_CG_HIER_INST46 RC_CG_MOD_143_1865            1                7.182
  u_wmem_FIFO[6].u_fifo_RC_CG_HIER_INST47 RC_CG_MOD_151_1872            1                7.182
  u_wmem_FIFO[6].u_fifo_RC_CG_HIER_INST48 RC_CG_MOD_159_1879            1                8.550
  u_wmem_FIFO[6].u_fifo_RC_CG_HIER_INST49 RC_CG_MOD_167_1886            1                8.550
  u_wmem_FIFO[6].u_fifo_RC_CG_HIER_INST50 RC_CG_MOD_175_1893            1                8.550
  u_wmem_FIFO[6].u_fifo_RC_CG_HIER_INST51 RC_CG_MOD_183_1900            1                8.550
  u_wmem_FIFO[6].u_fifo_RC_CG_HIER_INST52 RC_CG_MOD_191_1907            2                8.892
  u_wmem_FIFO[6].u_fifo_RC_CG_HIER_INST53 RC_CG_MOD_199_1914            1                7.182
  u_wmem_FIFO[6].u_fifo_RC_CG_HIER_INST54 RC_CG_MOD_207_1921            1                7.182
  u_wmem_FIFO[6].u_fifo_RC_CG_HIER_INST55 RC_CG_MOD_215_1928            1                6.840
  u_wmem_FIFO[6].u_fifo_RC_CG_HIER_INST56 RC_CG_MOD_223_1935            1                6.840
  u_wmem_FIFO[6].u_fifo_RC_CG_HIER_INST57 RC_CG_MOD_231_1942            1                7.182
  u_wmem_FIFO[6].u_fifo_RC_CG_HIER_INST58 RC_CG_MOD_239_1949            1                6.840
  u_wmem_FIFO[6].u_fifo_RC_CG_HIER_INST59 RC_CG_MOD_247_1956            1                6.840
  u_wmem_FIFO[6].u_fifo_RC_CG_HIER_INST60 RC_CG_MOD_255_1963            1                7.182
  u_wmem_FIFO[6].u_fifo_RC_CG_HIER_INST61 RC_CG_MOD_263_1970            1                8.550
  u_wmem_FIFO[6].u_fifo_RC_CG_HIER_INST62 RC_CG_MOD_271_1977            1                7.182
  u_wmem_FIFO[6].u_fifo_RC_CG_HIER_INST63 RC_CG_MOD_279_1984            1                7.182
  u_wmem_FIFO[6].u_fifo_RC_CG_HIER_INST64 RC_CG_MOD_287_1991            1                8.550
  u_wmem_FIFO[6].u_fifo_RC_CG_HIER_INST65 RC_CG_MOD_295_1998            2                8.208
  u_wmem_FIFO[6].u_fifo_RC_CG_HIER_INST66 RC_CG_MOD_303_2005            1                6.498
  u_wmem_FIFO[6].u_fifo_RC_CG_HIER_INST67 RC_CG_MOD_311_2012            1                6.498
  u_wmem_FIFO[7].u_fifo_RC_CG_HIER_INST33 RC_CG_MOD_39_2018             1                6.840
  u_wmem_FIFO[7].u_fifo_RC_CG_HIER_INST34 RC_CG_MOD_47_2025             1                6.840
  u_wmem_FIFO[7].u_fifo_RC_CG_HIER_INST35 RC_CG_MOD_55_2032             1                7.182
  u_wmem_FIFO[7].u_fifo_RC_CG_HIER_INST36 RC_CG_MOD_63_2039             1                6.840
  u_wmem_FIFO[7].u_fifo_RC_CG_HIER_INST37 RC_CG_MOD_71_2046             1                6.840
  u_wmem_FIFO[7].u_fifo_RC_CG_HIER_INST38 RC_CG_MOD_79_2053             1                7.182
  u_wmem_FIFO[7].u_fifo_RC_CG_HIER_INST39 RC_CG_MOD_87_2060             1                7.182
  u_wmem_FIFO[7].u_fifo_RC_CG_HIER_INST40 RC_CG_MOD_95_2067             1                8.550
  u_wmem_FIFO[7].u_fifo_RC_CG_HIER_INST41 RC_CG_MOD_103_1829            1                8.550
  u_wmem_FIFO[7].u_fifo_RC_CG_HIER_INST42 RC_CG_MOD_111_1836            1                6.840
  u_wmem_FIFO[7].u_fifo_RC_CG_HIER_INST43 RC_CG_MOD_119_1843            1                6.840
  u_wmem_FIFO[7].u_fifo_RC_CG_HIER_INST44 RC_CG_MOD_127_1850            1                6.840
  u_wmem_FIFO[7].u_fifo_RC_CG_HIER_INST45 RC_CG_MOD_135_1857            1                6.840
  u_wmem_FIFO[7].u_fifo_RC_CG_HIER_INST46 RC_CG_MOD_143_1864            1                6.840
  u_wmem_FIFO[7].u_fifo_RC_CG_HIER_INST47 RC_CG_MOD_151_1871            1                6.840
  u_wmem_FIFO[7].u_fifo_RC_CG_HIER_INST48 RC_CG_MOD_159_1878            1                6.840
  u_wmem_FIFO[7].u_fifo_RC_CG_HIER_INST49 RC_CG_MOD_167_1885            1                6.840
  u_wmem_FIFO[7].u_fifo_RC_CG_HIER_INST50 RC_CG_MOD_175_1892            1                6.840
  u_wmem_FIFO[7].u_fifo_RC_CG_HIER_INST51 RC_CG_MOD_183_1899            1                6.840
  u_wmem_FIFO[7].u_fifo_RC_CG_HIER_INST52 RC_CG_MOD_191_1906            1                7.182
  u_wmem_FIFO[7].u_fifo_RC_CG_HIER_INST53 RC_CG_MOD_199_1913            1                7.182
  u_wmem_FIFO[7].u_fifo_RC_CG_HIER_INST54 RC_CG_MOD_207_1920            1                7.182
  u_wmem_FIFO[7].u_fifo_RC_CG_HIER_INST55 RC_CG_MOD_215_1927            1                7.182
  u_wmem_FIFO[7].u_fifo_RC_CG_HIER_INST56 RC_CG_MOD_223_1934            1                6.840
  u_wmem_FIFO[7].u_fifo_RC_CG_HIER_INST57 RC_CG_MOD_231_1941            1                6.840
  u_wmem_FIFO[7].u_fifo_RC_CG_HIER_INST58 RC_CG_MOD_239_1948            1                6.840
  u_wmem_FIFO[7].u_fifo_RC_CG_HIER_INST59 RC_CG_MOD_247_1955            1                7.182
  u_wmem_FIFO[7].u_fifo_RC_CG_HIER_INST60 RC_CG_MOD_255_1962            1                6.840
  u_wmem_FIFO[7].u_fifo_RC_CG_HIER_INST61 RC_CG_MOD_263_1969            1                6.840
  u_wmem_FIFO[7].u_fifo_RC_CG_HIER_INST62 RC_CG_MOD_271_1976            1                6.840
  u_wmem_FIFO[7].u_fifo_RC_CG_HIER_INST63 RC_CG_MOD_279_1983            1                7.182
  u_wmem_FIFO[7].u_fifo_RC_CG_HIER_INST64 RC_CG_MOD_287_1990            1                6.840
  u_wmem_FIFO[7].u_fifo_RC_CG_HIER_INST65 RC_CG_MOD_295_1997            2                8.208
  u_wmem_FIFO[7].u_fifo_RC_CG_HIER_INST66 RC_CG_MOD_303_2004            1                6.498
  u_wmem_FIFO[7].u_fifo_RC_CG_HIER_INST67 RC_CG_MOD_311_2011            1                6.498
